[30-Aug-2026 00:13:27 Asia/Manila] PHP Warning:  Constant PT_COMPLETED already defined in C:\xampp\htdocs\gym-management-system\config\constants.php on line 53
[30-Aug-2026 00:13:27 Asia/Manila] PHP Warning:  Constant PT_CANCELLED already defined in C:\xampp\htdocs\gym-management-system\config\constants.php on line 55
[30-Aug-2026 00:13:32 Asia/Manila] PHP Warning:  Constant PT_COMPLETED already defined in C:\xampp\htdocs\gym-management-system\config\constants.php on line 53
[30-Aug-2026 00:13:32 Asia/Manila] PHP Warning:  Constant PT_CANCELLED already defined in C:\xampp\htdocs\gym-management-system\config\constants.php on line 55
[30-Aug-2026 00:13:33 Asia/Manila] PHP Warning:  Constant PT_COMPLETED already defined in C:\xampp\htdocs\gym-management-system\config\constants.php on line 53
[30-Aug-2026 00:13:33 Asia/Manila] PHP Warning:  Constant PT_CANCELLED already defined in C:\xampp\htdocs\gym-management-system\config\constants.php on line 55
[30-Aug-2026 00:13:34 Asia/Manila] PHP Warning:  Constant PT_COMPLETED already defined in C:\xampp\htdocs\gym-management-system\config\constants.php on line 53
[30-Aug-2026 00:13:34 Asia/Manila] PHP Warning:  Constant PT_CANCELLED already defined in C:\xampp\htdocs\gym-management-system\config\constants.php on line 55
[30-Aug-2026 00:13:34 Asia/Manila] PHP Warning:  Constant PT_COMPLETED already defined in C:\xampp\htdocs\gym-management-system\config\constants.php on line 53
[30-Aug-2026 00:13:34 Asia/Manila] PHP Warning:  Constant PT_CANCELLED already defined in C:\xampp\htdocs\gym-management-system\config\constants.php on line 55
[30-Aug-2026 00:13:35 Asia/Manila] PHP Warning:  Constant PT_COMPLETED already defined in C:\xampp\htdocs\gym-management-system\config\constants.php on line 53
[30-Aug-2026 00:13:35 Asia/Manila] PHP Warning:  Constant PT_CANCELLED already defined in C:\xampp\htdocs\gym-management-system\config\constants.php on line 55
[30-Aug-2026 00:13:36 Asia/Manila] PHP Warning:  Constant PT_COMPLETED already defined in C:\xampp\htdocs\gym-management-system\config\constants.php on line 53
[30-Aug-2026 00:13:36 Asia/Manila] PHP Warning:  Constant PT_CANCELLED already defined in C:\xampp\htdocs\gym-management-system\config\constants.php on line 55
[30-Aug-2026 00:13:36 Asia/Manila] Expense totals error: SQLSTATE[HY093]: Invalid parameter number
[30-Aug-2026 00:13:37 Asia/Manila] PHP Warning:  Constant PT_COMPLETED already defined in C:\xampp\htdocs\gym-management-system\config\constants.php on line 53
[30-Aug-2026 00:13:37 Asia/Manila] PHP Warning:  Constant PT_CANCELLED already defined in C:\xampp\htdocs\gym-management-system\config\constants.php on line 55
[30-Aug-2026 00:13:40 Asia/Manila] PHP Warning:  Constant PT_COMPLETED already defined in C:\xampp\htdocs\gym-management-system\config\constants.php on line 53
[30-Aug-2026 00:13:40 Asia/Manila] PHP Warning:  Constant PT_CANCELLED already defined in C:\xampp\htdocs\gym-management-system\config\constants.php on line 55
[30-Aug-2026 00:13:44 Asia/Manila] PHP Warning:  Constant PT_COMPLETED already defined in C:\xampp\htdocs\gym-management-system\config\constants.php on line 53
[30-Aug-2026 00:13:44 Asia/Manila] PHP Warning:  Constant PT_CANCELLED already defined in C:\xampp\htdocs\gym-management-system\config\constants.php on line 55
[30-Aug-2026 00:13:46 Asia/Manila] PHP Warning:  Constant PT_COMPLETED already defined in C:\xampp\htdocs\gym-management-system\config\constants.php on line 53
[30-Aug-2026 00:13:46 Asia/Manila] PHP Warning:  Constant PT_CANCELLED already defined in C:\xampp\htdocs\gym-management-system\config\constants.php on line 55
[30-Aug-2026 00:13:46 Asia/Manila] PHP Warning:  Constant PT_COMPLETED already defined in C:\xampp\htdocs\gym-management-system\config\constants.php on line 53
[30-Aug-2026 00:13:46 Asia/Manila] PHP Warning:  Constant PT_CANCELLED already defined in C:\xampp\htdocs\gym-management-system\config\constants.php on line 55
[30-Aug-2026 00:13:48 Asia/Manila] PHP Warning:  Constant PT_COMPLETED already defined in C:\xampp\htdocs\gym-management-system\config\constants.php on line 53
[30-Aug-2026 00:13:48 Asia/Manila] PHP Warning:  Constant PT_CANCELLED already defined in C:\xampp\htdocs\gym-management-system\config\constants.php on line 55
[30-Aug-2026 00:13:50 Asia/Manila] PHP Warning:  Constant PT_COMPLETED already defined in C:\xampp\htdocs\gym-management-system\config\constants.php on line 53
[30-Aug-2026 00:13:50 Asia/Manila] PHP Warning:  Constant PT_CANCELLED already defined in C:\xampp\htdocs\gym-management-system\config\constants.php on line 55
[30-Aug-2026 00:13:55 Asia/Manila] PHP Warning:  Constant PT_COMPLETED already defined in C:\xampp\htdocs\gym-management-system\config\constants.php on line 53
[30-Aug-2026 00:13:55 Asia/Manila] PHP Warning:  Constant PT_CANCELLED already defined in C:\xampp\htdocs\gym-management-system\config\constants.php on line 55
[30-Aug-2026 00:13:58 Asia/Manila] PHP Warning:  Constant PT_COMPLETED already defined in C:\xampp\htdocs\gym-management-system\config\constants.php on line 53
[30-Aug-2026 00:13:58 Asia/Manila] PHP Warning:  Constant PT_CANCELLED already defined in C:\xampp\htdocs\gym-management-system\config\constants.php on line 55
[30-Aug-2026 00:14:08 Asia/Manila] PHP Warning:  Constant PT_COMPLETED already defined in C:\xampp\htdocs\gym-management-system\config\constants.php on line 53
[30-Aug-2026 00:14:08 Asia/Manila] PHP Warning:  Constant PT_CANCELLED already defined in C:\xampp\htdocs\gym-management-system\config\constants.php on line 55
[30-Aug-2026 00:14:12 Asia/Manila] PHP Warning:  Constant PT_COMPLETED already defined in C:\xampp\htdocs\gym-management-system\config\constants.php on line 53
[30-Aug-2026 00:14:12 Asia/Manila] PHP Warning:  Constant PT_CANCELLED already defined in C:\xampp\htdocs\gym-management-system\config\constants.php on line 55
[30-Aug-2026 00:14:25 Asia/Manila] PHP Warning:  Constant PT_COMPLETED already defined in C:\xampp\htdocs\gym-management-system\config\constants.php on line 53
[30-Aug-2026 00:14:25 Asia/Manila] PHP Warning:  Constant PT_CANCELLED already defined in C:\xampp\htdocs\gym-management-system\config\constants.php on line 55
[30-Aug-2026 00:14:35 Asia/Manila] PHP Warning:  Constant PT_COMPLETED already defined in C:\xampp\htdocs\gym-management-system\config\constants.php on line 53
[30-Aug-2026 00:14:35 Asia/Manila] PHP Warning:  Constant PT_CANCELLED already defined in C:\xampp\htdocs\gym-management-system\config\constants.php on line 55
[30-Aug-2026 00:14:40 Asia/Manila] PHP Warning:  Constant PT_COMPLETED already defined in C:\xampp\htdocs\gym-management-system\config\constants.php on line 53
[30-Aug-2026 00:14:40 Asia/Manila] PHP Warning:  Constant PT_CANCELLED already defined in C:\xampp\htdocs\gym-management-system\config\constants.php on line 55
[30-Aug-2026 00:14:47 Asia/Manila] PHP Warning:  Constant PT_COMPLETED already defined in C:\xampp\htdocs\gym-management-system\config\constants.php on line 53
[30-Aug-2026 00:14:47 Asia/Manila] PHP Warning:  Constant PT_CANCELLED already defined in C:\xampp\htdocs\gym-management-system\config\constants.php on line 55
[30-Aug-2026 00:14:53 Asia/Manila] PHP Warning:  Constant PT_COMPLETED already defined in C:\xampp\htdocs\gym-management-system\config\constants.php on line 53
[30-Aug-2026 00:14:53 Asia/Manila] PHP Warning:  Constant PT_CANCELLED already defined in C:\xampp\htdocs\gym-management-system\config\constants.php on line 55
[30-Aug-2026 00:15:03 Asia/Manila] PHP Warning:  Constant PT_COMPLETED already defined in C:\xampp\htdocs\gym-management-system\config\constants.php on line 53
[30-Aug-2026 00:15:03 Asia/Manila] PHP Warning:  Constant PT_CANCELLED already defined in C:\xampp\htdocs\gym-management-system\config\constants.php on line 55
[30-Aug-2026 00:15:39 Asia/Manila] PHP Warning:  Constant PT_COMPLETED already defined in C:\xampp\htdocs\gym-management-system\config\constants.php on line 53
[30-Aug-2026 00:15:39 Asia/Manila] PHP Warning:  Constant PT_CANCELLED already defined in C:\xampp\htdocs\gym-management-system\config\constants.php on line 55
[30-Aug-2026 00:15:43 Asia/Manila] PHP Warning:  Constant PT_COMPLETED already defined in C:\xampp\htdocs\gym-management-system\config\constants.php on line 53
[30-Aug-2026 00:15:43 Asia/Manila] PHP Warning:  Constant PT_CANCELLED already defined in C:\xampp\htdocs\gym-management-system\config\constants.php on line 55
[30-Aug-2026 00:15:43 Asia/Manila] PHP Fatal error:  Uncaught Error: Undefined constant "requireAuth" in C:\xampp\htdocs\gym-management-system\membership\history.php:14
Stack trace:
#0 {main}
  thrown in C:\xampp\htdocs\gym-management-system\membership\history.php on line 14
[30-Aug-2026 00:15:45 Asia/Manila] PHP Warning:  Constant PT_COMPLETED already defined in C:\xampp\htdocs\gym-management-system\config\constants.php on line 53
[30-Aug-2026 00:15:45 Asia/Manila] PHP Warning:  Constant PT_CANCELLED already defined in C:\xampp\htdocs\gym-management-system\config\constants.php on line 55
[30-Aug-2026 00:15:45 Asia/Manila] PHP Fatal error:  Uncaught Error: Undefined constant "requireAuth" in C:\xampp\htdocs\gym-management-system\membership\history.php:14
Stack trace:
#0 {main}
  thrown in C:\xampp\htdocs\gym-management-system\membership\history.php on line 14
[30-Aug-2026 00:15:49 Asia/Manila] PHP Warning:  Constant PT_COMPLETED already defined in C:\xampp\htdocs\gym-management-system\config\constants.php on line 53
[30-Aug-2026 00:15:49 Asia/Manila] PHP Warning:  Constant PT_CANCELLED already defined in C:\xampp\htdocs\gym-management-system\config\constants.php on line 55
[30-Aug-2026 00:15:49 Asia/Manila] PHP Fatal error:  Uncaught Error: Undefined constant "requireAuth" in C:\xampp\htdocs\gym-management-system\membership\history.php:14
Stack trace:
#0 {main}
  thrown in C:\xampp\htdocs\gym-management-system\membership\history.php on line 14
[30-Aug-2026 00:18:33 Asia/Manila] PHP Warning:  Constant PT_COMPLETED already defined in C:\xampp\htdocs\gym-management-system\config\constants.php on line 53
[30-Aug-2026 00:18:33 Asia/Manila] PHP Warning:  Constant PT_CANCELLED already defined in C:\xampp\htdocs\gym-management-system\config\constants.php on line 55
[30-Aug-2026 00:18:40 Asia/Manila] PHP Warning:  Constant PT_COMPLETED already defined in C:\xampp\htdocs\gym-management-system\config\constants.php on line 53
[30-Aug-2026 00:18:40 Asia/Manila] PHP Warning:  Constant PT_CANCELLED already defined in C:\xampp\htdocs\gym-management-system\config\constants.php on line 55
[30-Aug-2026 00:18:42 Asia/Manila] PHP Warning:  Constant PT_COMPLETED already defined in C:\xampp\htdocs\gym-management-system\config\constants.php on line 53
[30-Aug-2026 00:18:42 Asia/Manila] PHP Warning:  Constant PT_CANCELLED already defined in C:\xampp\htdocs\gym-management-system\config\constants.php on line 55
[30-Aug-2026 00:18:45 Asia/Manila] PHP Warning:  Constant PT_COMPLETED already defined in C:\xampp\htdocs\gym-management-system\config\constants.php on line 53
[30-Aug-2026 00:18:45 Asia/Manila] PHP Warning:  Constant PT_CANCELLED already defined in C:\xampp\htdocs\gym-management-system\config\constants.php on line 55
[30-Aug-2026 00:18:46 Asia/Manila] PHP Warning:  Constant PT_COMPLETED already defined in C:\xampp\htdocs\gym-management-system\config\constants.php on line 53
[30-Aug-2026 00:18:46 Asia/Manila] PHP Warning:  Constant PT_CANCELLED already defined in C:\xampp\htdocs\gym-management-system\config\constants.php on line 55
[30-Aug-2026 00:20:29 Asia/Manila] PHP Warning:  Constant PT_COMPLETED already defined in C:\xampp\htdocs\gym-management-system\config\constants.php on line 53
[30-Aug-2026 00:20:29 Asia/Manila] PHP Warning:  Constant PT_CANCELLED already defined in C:\xampp\htdocs\gym-management-system\config\constants.php on line 55
[30-Aug-2026 00:20:34 Asia/Manila] PHP Warning:  Constant PT_COMPLETED already defined in C:\xampp\htdocs\gym-management-system\config\constants.php on line 53
[30-Aug-2026 00:20:34 Asia/Manila] PHP Warning:  Constant PT_CANCELLED already defined in C:\xampp\htdocs\gym-management-system\config\constants.php on line 55
[30-Aug-2026 00:23:14 Asia/Manila] PHP Warning:  Constant PT_COMPLETED already defined in C:\xampp\htdocs\gym-management-system\config\constants.php on line 53
[30-Aug-2026 00:23:14 Asia/Manila] PHP Warning:  Constant PT_CANCELLED already defined in C:\xampp\htdocs\gym-management-system\config\constants.php on line 55
[30-Aug-2026 00:23:18 Asia/Manila] PHP Warning:  Constant PT_COMPLETED already defined in C:\xampp\htdocs\gym-management-system\config\constants.php on line 53
[30-Aug-2026 00:23:18 Asia/Manila] PHP Warning:  Constant PT_CANCELLED already defined in C:\xampp\htdocs\gym-management-system\config\constants.php on line 55
[30-Aug-2026 00:23:19 Asia/Manila] PHP Warning:  Constant PT_COMPLETED already defined in C:\xampp\htdocs\gym-management-system\config\constants.php on line 53
[30-Aug-2026 00:23:19 Asia/Manila] PHP Warning:  Constant PT_CANCELLED already defined in C:\xampp\htdocs\gym-management-system\config\constants.php on line 55
[30-Aug-2026 00:23:19 Asia/Manila] PHP Warning:  Constant PT_COMPLETED already defined in C:\xampp\htdocs\gym-management-system\config\constants.php on line 53
[30-Aug-2026 00:23:19 Asia/Manila] PHP Warning:  Constant PT_CANCELLED already defined in C:\xampp\htdocs\gym-management-system\config\constants.php on line 55
[30-Aug-2026 00:23:19 Asia/Manila] PHP Warning:  Constant PT_COMPLETED already defined in C:\xampp\htdocs\gym-management-system\config\constants.php on line 53
[30-Aug-2026 00:23:19 Asia/Manila] PHP Warning:  Constant PT_CANCELLED already defined in C:\xampp\htdocs\gym-management-system\config\constants.php on line 55
[30-Aug-2026 00:23:20 Asia/Manila] PHP Warning:  Constant PT_COMPLETED already defined in C:\xampp\htdocs\gym-management-system\config\constants.php on line 53
[30-Aug-2026 00:23:20 Asia/Manila] PHP Warning:  Constant PT_CANCELLED already defined in C:\xampp\htdocs\gym-management-system\config\constants.php on line 55
[30-Aug-2026 00:23:20 Asia/Manila] PHP Warning:  Constant PT_COMPLETED already defined in C:\xampp\htdocs\gym-management-system\config\constants.php on line 53
[30-Aug-2026 00:23:20 Asia/Manila] PHP Warning:  Constant PT_CANCELLED already defined in C:\xampp\htdocs\gym-management-system\config\constants.php on line 55
[30-Aug-2026 00:24:37 Asia/Manila] PHP Warning:  Constant PT_COMPLETED already defined in C:\xampp\htdocs\gym-management-system\config\constants.php on line 53
[30-Aug-2026 00:24:37 Asia/Manila] PHP Warning:  Constant PT_CANCELLED already defined in C:\xampp\htdocs\gym-management-system\config\constants.php on line 55
[30-Aug-2026 00:24:40 Asia/Manila] PHP Warning:  Constant PT_COMPLETED already defined in C:\xampp\htdocs\gym-management-system\config\constants.php on line 53
[30-Aug-2026 00:24:40 Asia/Manila] PHP Warning:  Constant PT_CANCELLED already defined in C:\xampp\htdocs\gym-management-system\config\constants.php on line 55
[30-Aug-2026 00:24:42 Asia/Manila] PHP Warning:  Constant PT_COMPLETED already defined in C:\xampp\htdocs\gym-management-system\config\constants.php on line 53
[30-Aug-2026 00:24:42 Asia/Manila] PHP Warning:  Constant PT_CANCELLED already defined in C:\xampp\htdocs\gym-management-system\config\constants.php on line 55
[30-Aug-2026 00:24:43 Asia/Manila] PHP Warning:  Constant PT_COMPLETED already defined in C:\xampp\htdocs\gym-management-system\config\constants.php on line 53
[30-Aug-2026 00:24:43 Asia/Manila] PHP Warning:  Constant PT_CANCELLED already defined in C:\xampp\htdocs\gym-management-system\config\constants.php on line 55
[30-Aug-2026 00:24:45 Asia/Manila] PHP Warning:  Constant PT_COMPLETED already defined in C:\xampp\htdocs\gym-management-system\config\constants.php on line 53
[30-Aug-2026 00:24:45 Asia/Manila] PHP Warning:  Constant PT_CANCELLED already defined in C:\xampp\htdocs\gym-management-system\config\constants.php on line 55
[30-Aug-2026 00:24:45 Asia/Manila] PHP Warning:  Constant PT_COMPLETED already defined in C:\xampp\htdocs\gym-management-system\config\constants.php on line 53
[30-Aug-2026 00:24:45 Asia/Manila] PHP Warning:  Constant PT_CANCELLED already defined in C:\xampp\htdocs\gym-management-system\config\constants.php on line 55
[30-Aug-2026 00:24:45 Asia/Manila] Expense totals error: SQLSTATE[HY093]: Invalid parameter number
[30-Aug-2026 00:24:46 Asia/Manila] PHP Warning:  Constant PT_COMPLETED already defined in C:\xampp\htdocs\gym-management-system\config\constants.php on line 53
[30-Aug-2026 00:24:46 Asia/Manila] PHP Warning:  Constant PT_CANCELLED already defined in C:\xampp\htdocs\gym-management-system\config\constants.php on line 55
[30-Aug-2026 00:24:46 Asia/Manila] PHP Warning:  Constant PT_COMPLETED already defined in C:\xampp\htdocs\gym-management-system\config\constants.php on line 53
[30-Aug-2026 00:24:46 Asia/Manila] PHP Warning:  Constant PT_CANCELLED already defined in C:\xampp\htdocs\gym-management-system\config\constants.php on line 55
[30-Aug-2026 00:24:47 Asia/Manila] PHP Warning:  Constant PT_COMPLETED already defined in C:\xampp\htdocs\gym-management-system\config\constants.php on line 53
[30-Aug-2026 00:24:47 Asia/Manila] PHP Warning:  Constant PT_CANCELLED already defined in C:\xampp\htdocs\gym-management-system\config\constants.php on line 55
[30-Aug-2026 00:24:47 Asia/Manila] PHP Warning:  Constant PT_COMPLETED already defined in C:\xampp\htdocs\gym-management-system\config\constants.php on line 53
[30-Aug-2026 00:24:47 Asia/Manila] PHP Warning:  Constant PT_CANCELLED already defined in C:\xampp\htdocs\gym-management-system\config\constants.php on line 55
[30-Aug-2026 00:24:54 Asia/Manila] PHP Warning:  Constant PT_COMPLETED already defined in C:\xampp\htdocs\gym-management-system\config\constants.php on line 53
[30-Aug-2026 00:24:54 Asia/Manila] PHP Warning:  Constant PT_CANCELLED already defined in C:\xampp\htdocs\gym-management-system\config\constants.php on line 55
[30-Aug-2026 00:26:54 Asia/Manila] PHP Warning:  Constant PT_COMPLETED already defined in C:\xampp\htdocs\gym-management-system\config\constants.php on line 53
[30-Aug-2026 00:26:54 Asia/Manila] PHP Warning:  Constant PT_CANCELLED already defined in C:\xampp\htdocs\gym-management-system\config\constants.php on line 55
[30-Aug-2026 00:27:42 Asia/Manila] PHP Warning:  Constant PT_COMPLETED already defined in C:\xampp\htdocs\gym-management-system\config\constants.php on line 53
[30-Aug-2026 00:27:42 Asia/Manila] PHP Warning:  Constant PT_CANCELLED already defined in C:\xampp\htdocs\gym-management-system\config\constants.php on line 55
[30-Aug-2026 00:27:56 Asia/Manila] PHP Warning:  Constant PT_COMPLETED already defined in C:\xampp\htdocs\gym-management-system\config\constants.php on line 53
[30-Aug-2026 00:27:56 Asia/Manila] PHP Warning:  Constant PT_CANCELLED already defined in C:\xampp\htdocs\gym-management-system\config\constants.php on line 55
[30-Aug-2026 00:28:00 Asia/Manila] PHP Warning:  Constant PT_COMPLETED already defined in C:\xampp\htdocs\gym-management-system\config\constants.php on line 53
[30-Aug-2026 00:28:00 Asia/Manila] PHP Warning:  Constant PT_CANCELLED already defined in C:\xampp\htdocs\gym-management-system\config\constants.php on line 55
[30-Aug-2026 00:28:12 Asia/Manila] PHP Warning:  Constant PT_COMPLETED already defined in C:\xampp\htdocs\gym-management-system\config\constants.php on line 53
[30-Aug-2026 00:28:12 Asia/Manila] PHP Warning:  Constant PT_CANCELLED already defined in C:\xampp\htdocs\gym-management-system\config\constants.php on line 55
[30-Aug-2026 00:29:03 Asia/Manila] PHP Warning:  Constant PT_COMPLETED already defined in C:\xampp\htdocs\gym-management-system\config\constants.php on line 53
[30-Aug-2026 00:29:03 Asia/Manila] PHP Warning:  Constant PT_CANCELLED already defined in C:\xampp\htdocs\gym-management-system\config\constants.php on line 55
[30-Aug-2026 00:29:04 Asia/Manila] PHP Warning:  Constant PT_COMPLETED already defined in C:\xampp\htdocs\gym-management-system\config\constants.php on line 53
[30-Aug-2026 00:29:04 Asia/Manila] PHP Warning:  Constant PT_CANCELLED already defined in C:\xampp\htdocs\gym-management-system\config\constants.php on line 55
[30-Aug-2026 00:29:08 Asia/Manila] PHP Warning:  Constant PT_COMPLETED already defined in C:\xampp\htdocs\gym-management-system\config\constants.php on line 53
[30-Aug-2026 00:29:08 Asia/Manila] PHP Warning:  Constant PT_CANCELLED already defined in C:\xampp\htdocs\gym-management-system\config\constants.php on line 55
[30-Aug-2026 00:29:09 Asia/Manila] PHP Warning:  Constant PT_COMPLETED already defined in C:\xampp\htdocs\gym-management-system\config\constants.php on line 53
[30-Aug-2026 00:29:09 Asia/Manila] PHP Warning:  Constant PT_CANCELLED already defined in C:\xampp\htdocs\gym-management-system\config\constants.php on line 55
[30-Aug-2026 00:29:12 Asia/Manila] PHP Warning:  Constant PT_COMPLETED already defined in C:\xampp\htdocs\gym-management-system\config\constants.php on line 53
[30-Aug-2026 00:29:12 Asia/Manila] PHP Warning:  Constant PT_CANCELLED already defined in C:\xampp\htdocs\gym-management-system\config\constants.php on line 55
[30-Aug-2026 00:29:12 Asia/Manila] PHP Warning:  Constant PT_COMPLETED already defined in C:\xampp\htdocs\gym-management-system\config\constants.php on line 53
[30-Aug-2026 00:29:12 Asia/Manila] PHP Warning:  Constant PT_CANCELLED already defined in C:\xampp\htdocs\gym-management-system\config\constants.php on line 55
[30-Aug-2026 00:29:15 Asia/Manila] PHP Warning:  Constant PT_COMPLETED already defined in C:\xampp\htdocs\gym-management-system\config\constants.php on line 53
[30-Aug-2026 00:29:15 Asia/Manila] PHP Warning:  Constant PT_CANCELLED already defined in C:\xampp\htdocs\gym-management-system\config\constants.php on line 55
[30-Aug-2026 00:29:16 Asia/Manila] PHP Warning:  Constant PT_COMPLETED already defined in C:\xampp\htdocs\gym-management-system\config\constants.php on line 53
[30-Aug-2026 00:29:16 Asia/Manila] PHP Warning:  Constant PT_CANCELLED already defined in C:\xampp\htdocs\gym-management-system\config\constants.php on line 55
[30-Aug-2026 00:29:17 Asia/Manila] PHP Warning:  Constant PT_COMPLETED already defined in C:\xampp\htdocs\gym-management-system\config\constants.php on line 53
[30-Aug-2026 00:29:17 Asia/Manila] PHP Warning:  Constant PT_CANCELLED already defined in C:\xampp\htdocs\gym-management-system\config\constants.php on line 55
[30-Aug-2026 00:29:21 Asia/Manila] PHP Warning:  Constant PT_COMPLETED already defined in C:\xampp\htdocs\gym-management-system\config\constants.php on line 53
[30-Aug-2026 00:29:21 Asia/Manila] PHP Warning:  Constant PT_CANCELLED already defined in C:\xampp\htdocs\gym-management-system\config\constants.php on line 55
[30-Aug-2026 00:29:25 Asia/Manila] PHP Warning:  Constant PT_COMPLETED already defined in C:\xampp\htdocs\gym-management-system\config\constants.php on line 53
[30-Aug-2026 00:29:25 Asia/Manila] PHP Warning:  Constant PT_CANCELLED already defined in C:\xampp\htdocs\gym-management-system\config\constants.php on line 55
[30-Aug-2026 00:29:28 Asia/Manila] PHP Warning:  Constant PT_COMPLETED already defined in C:\xampp\htdocs\gym-management-system\config\constants.php on line 53
[30-Aug-2026 00:29:28 Asia/Manila] PHP Warning:  Constant PT_CANCELLED already defined in C:\xampp\htdocs\gym-management-system\config\constants.php on line 55
[30-Aug-2026 00:29:28 Asia/Manila] PHP Warning:  Constant PT_COMPLETED already defined in C:\xampp\htdocs\gym-management-system\config\constants.php on line 53
[30-Aug-2026 00:29:28 Asia/Manila] PHP Warning:  Constant PT_CANCELLED already defined in C:\xampp\htdocs\gym-management-system\config\constants.php on line 55
[30-Aug-2026 00:29:44 Asia/Manila] PHP Warning:  Constant PT_COMPLETED already defined in C:\xampp\htdocs\gym-management-system\config\constants.php on line 53
[30-Aug-2026 00:29:44 Asia/Manila] PHP Warning:  Constant PT_CANCELLED already defined in C:\xampp\htdocs\gym-management-system\config\constants.php on line 55
